Microchip MPLAB XC8 Compiler V2.45

Linker command line:

-W-3 \
  --edf=C:\Program Files\Microchip\xc8\v2.45\pic\dat\20230818022343_en.msgs \
  -cn -h+dist/default/production\motor_control_system.X.production.sym \
  --cmf=dist/default/production\motor_control_system.X.production.cmf -z \
  -Q18F4620 -oC:\Users\20128\AppData\Local\Temp\xcAspfc.\driver_tmp_3.o \
  --defsym=__MPLAB_BUILD=1 --fixupoverflow=error \
  -Mdist/default/production/motor_control_system.X.production.map \
  --md=C:\Users\20128\AppData\Local\Temp\xcAspfc.\driver_tmp_0.dat -E1 \
  -ver=XC8 Compiler --acfsm=1493 -ACODE=00h-0FFFFh -ACONST=00h-0FFFFh \
  -ASMALLCONST=01000h-010FFhx240 -AMEDIUMCONST=01000h-0FFFFh \
  -ACOMRAM=01h-07Fh -AABS1=00h-0F7Fh -ABIGRAM=01h-0F7Fh \
  -ARAM=080h-0FFh,0100h-01FFhx14,0F00h-0F7Fh -ABANK0=080h-0FFh \
  -ABANK1=0100h-01FFh -ABANK2=0200h-02FFh -ABANK3=0300h-03FFh \
  -ABANK4=0400h-04FFh -ABANK5=0500h-05FFh -ABANK6=0600h-06FFh \
  -ABANK7=0700h-07FFh -ABANK8=0800h-08FFh -ABANK9=0900h-09FFh \
  -ABANK10=0A00h-0AFFh -ABANK11=0B00h-0BFFh -ABANK12=0C00h-0CFFh \
  -ABANK13=0D00h-0DFFh -ABANK14=0E00h-0EFFh -ABANK15=0F00h-0F7Fh \
  -ASFR=0F80h-0FFFh -ABIGSFR=0F80h-0FFFh -ACONFIG=0300000h-030000Dh \
  -AIDLOC=0200000h-0200007h -AEEDATA=0F00000h-0F003FFh -peeprom_data=EEDATA \
  -preset_vec=00h,intcode,intcodelo,powerup,init -pramtop=01000h \
  -psmallconst=SMALLCONST -pmediumconst=MEDIUMCONST -pconst=CONST \
  -AFARRAM=00h-00h \
  -prdata=COMRAM,nvrram=COMRAM,nvbit=COMRAM,rbss=COMRAM,rbit=COMRAM \
  -pfarbss=FARRAM,fardata=FARRAM,nvFARRAM=FARRAM \
  -pintsave_regs=BIGRAM,bigbss=BIGRAM,bigdata=BIGRAM -pbss=RAM \
  -pidata=CODE,irdata=CODE,ibigdata=CODE,ifardata=CODE -prparam=COMRAM \
  C:\Users\20128\AppData\Local\Temp\xcAspfc.\driver_tmp_9.o \
  dist/default/production\motor_control_system.X.production.o 

Object code version is 3.11

Machine type is 18F4620



                Name                               Link     Load   Length Selector   Space Scale
C:\Users\20128\AppData\Local\Temp\xcAspfc.\driver_tmp_9.o
                config                           300000   300000        E        0       4
                init                                  0        0        4        0       0
dist/default/production\motor_control_system.X.production.o
                config                           300000   300000        E        0       4
                mediumconst                        FEDA     FEDA      126     7F6D       0
                text31                             F876     F876      134     7C3B       0
                text30                             F9AA     F9AA      134     7CD5       0
                text29                             EEAE     EEAE       60     7757       0
                text28                             EB6A     EB6A       44     75B5       0
                text27                             EDBA     EDBA       50     76DD       0
                text26                             EF0E     EF0E       66     7787       0
                text25                             EB00     EB00       28     7580       0
                text24                             EC86     EC86       4C     7643       0
                text23                             EF74     EF74       66     77BA       0
                text22                             F786     F786       F0     7BC3       0
                text21                             EE0A     EE0A       50     7705       0
                text20                             EB28     EB28       42     7594       0
                text19                             EAFA     EAFA        6     757D       0
                text18                             ED1E     ED1E       4E     768F       0
                text17                             ED6C     ED6C       4E     76B6       0
                text16                             ECD2     ECD2       4C     7669       0
                text15                             F464     F464       A4     7A32       0
                text14                             F6AC     F6AC       DA     7B56       0
                text13                             EBF2     EBF2       4A     75F9       0
                text12                             EC3C     EC3C       4A     761E       0
                text11                             EFDA     EFDA       66     77ED       0
                text10                             F338     F338       94     799C       0
                text9                              F040     F040       68     7820       0
                text8                              F3CC     F3CC       98     79E6       0
                text7                              F24E     F24E       70     7927       0
                text6                              F2BE     F2BE       7A     795F       0
                text5                              F508     F508       D2     7A84       0
                text4                              F110     F110       6A     7888       0
                text3                              F17A     F17A       6A     78BD       0
                text2                              F1E4     F1E4       6A     78F2       0
                text1                              F5DA     F5DA       D2     7AED       0
                text0                              FADE     FADE      3FC     7D6F       0
                cstackCOMRAM                         45       45       2B        1       1
                dataBANK0                            80       80       68       80       1
                dataCOMRAM                            1        1       44        1       1
                bssCOMRAM                            70       70        5        1       1
                cinit                              EE5A     EE5A       54     772D       0
                nvCOMRAM                             75       75        1        1       1
                idataBANK0                         F0A8     F0A8       68     F0A8       0
                idataCOMRAM                        EBAE     EBAE       44     EBAE       0

TOTAL           Name                               Link     Load   Length     Space
        CLASS   CODE           
                init                                  0        0        4         0
                text31                             F876     F876      134         0
                text30                             F9AA     F9AA      134         0
                text29                             EEAE     EEAE       60         0
                text28                             EB6A     EB6A       44         0
                text27                             EDBA     EDBA       50         0
                text26                             EF0E     EF0E       66         0
                text25                             EB00     EB00       28         0
                text24                             EC86     EC86       4C         0
                text23                             EF74     EF74       66         0
                text22                             F786     F786       F0         0
                text21                             EE0A     EE0A       50         0
                text20                             EB28     EB28       42         0
                text19                             EAFA     EAFA        6         0
                text18                             ED1E     ED1E       4E         0
                text17                             ED6C     ED6C       4E         0
                text16                             ECD2     ECD2       4C         0
                text15                             F464     F464       A4         0
                text14                             F6AC     F6AC       DA         0
                text13                             EBF2     EBF2       4A         0
                text12                             EC3C     EC3C       4A         0
                text11                             EFDA     EFDA       66         0
                text10                             F338     F338       94         0
                text9                              F040     F040       68         0
                text8                              F3CC     F3CC       98         0
                text7                              F24E     F24E       70         0
                text6                              F2BE     F2BE       7A         0
                text5                              F508     F508       D2         0
                text4                              F110     F110       6A         0
                text3                              F17A     F17A       6A         0
                text2                              F1E4     F1E4       6A         0
                text1                              F5DA     F5DA       D2         0
                text0                              FADE     FADE      3FC         0
                cinit                              EE5A     EE5A       54         0
                idataBANK0                         F0A8     F0A8       68         0
                idataCOMRAM                        EBAE     EBAE       44         0

        CLASS   CONST          

        CLASS   SMALLCONST     

        CLASS   MEDIUMCONST    
                mediumconst                        FEDA     FEDA      126         0

        CLASS   COMRAM         
                cstackCOMRAM                         45       45       2B         1
                dataCOMRAM                            1        1       44         1
                bssCOMRAM                            70       70        5         1
                nvCOMRAM                             75       75        1         1

        CLASS   ABS1           

        CLASS   BIGRAM         

        CLASS   RAM            

        CLASS   BANK0          
                dataBANK0                            80       80       68         1

        CLASS   BANK1          

        CLASS   BANK2          

        CLASS   BANK3          

        CLASS   BANK4          

        CLASS   BANK5          

        CLASS   BANK6          

        CLASS   BANK7          

        CLASS   BANK8          

        CLASS   BANK9          

        CLASS   BANK10         

        CLASS   BANK11         

        CLASS   BANK12         

        CLASS   BANK13         

        CLASS   BANK14         

        CLASS   BANK15         

        CLASS   SFR            

        CLASS   BIGSFR         

        CLASS   CONFIG         
                config                           300000   300000        E         4

        CLASS   IDLOC          

        CLASS   EEDATA         

        CLASS   FARRAM         

        CLASS   HEAP           

        CLASS   STACK          



SEGMENTS        Name                           Load    Length   Top    Selector   Space  Class

                reset_vec                      000000  000004  000004         0       0  CODE    
                dataCOMRAM                     000001  000075  000076         1       1  COMRAM  
                dataBANK0                      000080  000068  0000E8        80       1  BANK0   
                text19                         00EAFA  000006  00EB00      757D       0  CODE    
                text25                         00EB00  000028  00EB28      7580       0  CODE    
                text20                         00EB28  000042  00EB6A      7594       0  CODE    
                text28                         00EB6A  000044  00EBAE      75B5       0  CODE    
                idataCOMRAM                    00EBAE  000044  00EBF2      EBAE       0  CODE    
                text13                         00EBF2  00004A  00EC3C      75F9       0  CODE    
                text12                         00EC3C  00004A  00EC86      761E       0  CODE    
                text24                         00EC86  00004C  00ECD2      7643       0  CODE    
                text16                         00ECD2  00004C  00ED1E      7669       0  CODE    
                text18                         00ED1E  00004E  00ED6C      768F       0  CODE    
                text17                         00ED6C  00004E  00EDBA      76B6       0  CODE    
                text27                         00EDBA  000050  00EE0A      76DD       0  CODE    
                text21                         00EE0A  000050  00EE5A      7705       0  CODE    
                cinit                          00EE5A  000054  00EEAE      772D       0  CODE    
                text29                         00EEAE  000060  00EF0E      7757       0  CODE    
                text26                         00EF0E  000066  00EF74      7787       0  CODE    
                text23                         00EF74  000066  00EFDA      77BA       0  CODE    
                text11                         00EFDA  000066  00F040      77ED       0  CODE    
                text9                          00F040  000068  00F0A8      7820       0  CODE    
                idataBANK0                     00F0A8  000068  00F110      F0A8       0  CODE    
                text4                          00F110  00006A  00F17A      7888       0  CODE    
                text3                          00F17A  00006A  00F1E4      78BD       0  CODE    
                text2                          00F1E4  00006A  00F24E      78F2       0  CODE    
                text7                          00F24E  000070  00F2BE      7927       0  CODE    
                text6                          00F2BE  00007A  00F338      795F       0  CODE    
                text10                         00F338  000094  00F3CC      799C       0  CODE    
                text8                          00F3CC  000098  00F464      79E6       0  CODE    
                text15                         00F464  0000A4  00F508      7A32       0  CODE    
                text5                          00F508  0000D2  00F5DA      7A84       0  CODE    
                text1                          00F5DA  0000D2  00F6AC      7AED       0  CODE    
                text14                         00F6AC  0000DA  00F786      7B56       0  CODE    
                text22                         00F786  0000F0  00F876      7BC3       0  CODE    
                text31                         00F876  000134  00F9AA      7C3B       0  CODE    
                text30                         00F9AA  000134  00FADE      7CD5       0  CODE    
                text0                          00FADE  0003FC  00FEDA      7D6F       0  CODE    
                mediumconst                    00FEDA  000126  010000      7F6D       0  MEDIUMCO


UNUSED ADDRESS RANGES

        Name                Unused          Largest block    Delta
        BANK0            0000E8-0000FF               18
        BANK1            000100-0001FF              100
        BANK10           000A00-000AFF              100
        BANK11           000B00-000BFF              100
        BANK12           000C00-000CFF              100
        BANK13           000D00-000DFF              100
        BANK14           000E00-000EFF              100
        BANK15           000F00-000F7F               80
        BANK2            000200-0002FF              100
        BANK3            000300-0003FF              100
        BANK4            000400-0004FF              100
        BANK5            000500-0005FF              100
        BANK6            000600-0006FF              100
        BANK7            000700-0007FF              100
        BANK8            000800-0008FF              100
        BANK9            000900-0009FF              100
        BIGRAM           000076-00007F                A
                         0000E8-000F7F              E98
        BIGSFR           000F80-000FFF               80
        CODE             000004-00EAF9             EAF6
        COMRAM           000076-00007F                A
        CONST            000004-00EAF9             EAF6
        EEDATA           F00000-F003FF              400
        IDLOC            200000-200007                8
        MEDIUMCONST      001000-00EAF9             DAFA
        RAM              0000E8-000F7F              100
        SFR              000F80-000FFF               80
        SMALLCONST       001000-00EAF9              100

                                  Symbol Table

_LATA                                 (abs)        000F89
_LATB                                 (abs)        000F8A
_LATC                                 (abs)        000F8B
_LATD                                 (abs)        000F8C
_LATE                                 (abs)        000F8D
_PORTA                                (abs)        000F80
_PORTB                                (abs)        000F81
_PORTC                                (abs)        000F82
_PORTD                                (abs)        000F83
_PORTE                                (abs)        000F84
_TRISA                                (abs)        000F92
_TRISB                                (abs)        000F93
_TRISC                                (abs)        000F94
_TRISD                                (abs)        000F95
_TRISE                                (abs)        000F96
__HRAM                                (abs)        000000
__H__absolute__                       __absolute__ 000000
__Habs1                               abs1         000000
__Hbank0                              bank0        000000
__Hbank1                              bank1        000000
__Hbank10                             bank10       000000
__Hbank11                             bank11       000000
__Hbank12                             bank12       000000
__Hbank13                             bank13       000000
__Hbank14                             bank14       000000
__Hbank15                             bank15       000000
__Hbank2                              bank2        000000
__Hbank3                              bank3        000000
__Hbank4                              bank4        000000
__Hbank5                              bank5        000000
__Hbank6                              bank6        000000
__Hbank7                              bank7        000000
__Hbank8                              bank8        000000
__Hbank9                              bank9        000000
__Hbigbss                             bigbss       000000
__Hbigdata                            bigdata      000000
__Hbigram                             bigram       000000
__Hbigsfr                             bigsfr       000000
__Hbss                                bss          000000
__HbssCOMRAM                          bssCOMRAM    000000
__Hcinit                              cinit        000000
__Hclrtext                            clrtext      000000
__Hcomram                             comram       000000
__Hconfig                             config       30000E
__Hconst                              const        000000
__HcstackCOMRAM                       cstackCOMRAM 000000
__Hdata                               data         000000
__HdataBANK0                          dataBANK0    000000
__HdataCOMRAM                         dataCOMRAM   000000
__Heeprom_data                        eeprom_data  000000
__Hfarbss                             farbss       000000
__Hfardata                            fardata      000000
__Hheap                               heap         000000
__Hibigdata                           ibigdata     000000
__Hidata                              idata        000000
__HidataBANK0                         idataBANK0   000000
__HidataCOMRAM                        idataCOMRAM  000000
__Hidloc                              idloc        000000
__Hifardata                           ifardata     000000
__Hinit                               init         000004
__Hintcode                            intcode      000000
__Hintcode_body                       intcode_body 000000
__Hintcodelo                          intcodelo    000000
__Hintentry                           intentry     000000
__Hintret                             intret       000000
__Hintsave_regs                       intsave_regs 000000
__Hirdata                             irdata       000000
__Hmediumconst                        mediumconst  010000
__HnvCOMRAM                           nvCOMRAM     000000
__HnvFARRAM                           nvFARRAM     000000
__Hnvbit                              nvbit        000000
__Hnvrram                             nvrram       000000
__Hparam                              rparam       000000
__Hpowerup                            powerup      000000
__Hram                                ram          000000
__Hramtop                             ramtop       001000
__Hrbit                               rbit         000000
__Hrbss                               rbss         000000
__Hrdata                              rdata        000000
__Hreset_vec                          reset_vec    000000
__Hrparam                             rparam       000000
__Hsfr                                sfr          000000
__Hsmallconst                         smallconst   000000
__Hspace_0                            (abs)        010000
__Hspace_1                            (abs)        0000E8
__Hspace_2                            (abs)        000000
__Hspace_4                            (abs)        60000E
__Hstack                              stack        000000
__Hstruct                             struct       000000
__Htemp                               temp         000000
__Htext                               text         000000
__Htext0                              text0        000000
__Htext1                              text1        000000
__Htext10                             text10       000000
__Htext11                             text11       000000
__Htext12                             text12       000000
__Htext13                             text13       000000
__Htext14                             text14       000000
__Htext15                             text15       000000
__Htext16                             text16       000000
__Htext17                             text17       000000
__Htext18                             text18       000000
__Htext19                             text19       000000
__Htext2                              text2        000000
__Htext20                             text20       000000
__Htext21                             text21       000000
__Htext22                             text22       000000
__Htext23                             text23       000000
__Htext24                             text24       000000
__Htext25                             text25       000000
__Htext26                             text26       000000
__Htext27                             text27       000000
__Htext28                             text28       000000
__Htext29                             text29       000000
__Htext3                              text3        000000
__Htext30                             text30       000000
__Htext31                             text31       000000
__Htext4                              text4        000000
__Htext5                              text5        000000
__Htext6                              text6        000000
__Htext7                              text7        000000
__Htext8                              text8        000000
__Htext9                              text9        000000
__LRAM                                (abs)        000001
__L__absolute__                       __absolute__ 000000
__Labs1                               abs1         000000
__Lbank0                              bank0        000000
__Lbank1                              bank1        000000
__Lbank10                             bank10       000000
__Lbank11                             bank11       000000
__Lbank12                             bank12       000000
__Lbank13                             bank13       000000
__Lbank14                             bank14       000000
__Lbank15                             bank15       000000
__Lbank2                              bank2        000000
__Lbank3                              bank3        000000
__Lbank4                              bank4        000000
__Lbank5                              bank5        000000
__Lbank6                              bank6        000000
__Lbank7                              bank7        000000
__Lbank8                              bank8        000000
__Lbank9                              bank9        000000
__Lbigbss                             bigbss       000000
__Lbigdata                            bigdata      000000
__Lbigram                             bigram       000000
__Lbigsfr                             bigsfr       000000
__Lbss                                bss          000000
__LbssCOMRAM                          bssCOMRAM    000000
__Lcinit                              cinit        000000
__Lclrtext                            clrtext      000000
__Lcomram                             comram       000000
__Lconfig                             config       000000
__Lconst                              const        000000
__LcstackCOMRAM                       cstackCOMRAM 000000
__Ldata                               data         000000
__LdataBANK0                          dataBANK0    000000
__LdataCOMRAM                         dataCOMRAM   000000
__Leeprom_data                        eeprom_data  000000
__Lfarbss                             farbss       000000
__Lfardata                            fardata      000000
__Lheap                               heap         000000
__Libigdata                           ibigdata     000000
__Lidata                              idata        000000
__LidataBANK0                         idataBANK0   000000
__LidataCOMRAM                        idataCOMRAM  000000
__Lidloc                              idloc        000000
__Lifardata                           ifardata     000000
__Linit                               init         000000
__Lintcode                            intcode      000000
__Lintcode_body                       intcode_body 000000
__Lintcodelo                          intcodelo    000000
__Lintentry                           intentry     000000
__Lintret                             intret       000000
__Lintsave_regs                       intsave_regs 000000
__Lirdata                             irdata       000000
__Lmediumconst                        mediumconst  00FEDA
__LnvCOMRAM                           nvCOMRAM     000000
__LnvFARRAM                           nvFARRAM     000000
__Lnvbit                              nvbit        000000
__Lnvrram                             nvrram       000000
__Lparam                              rparam       000000
__Lpowerup                            powerup      000000
__Lram                                ram          000000
__Lramtop                             ramtop       001000
__Lrbit                               rbit         000000
__Lrbss                               rbss         000000
__Lrdata                              rdata        000000
__Lreset_vec                          reset_vec    000000
__Lrparam                             rparam       000000
__Lsfr                                sfr          000000
__Lsmallconst                         smallconst   000000
__Lspace_0                            (abs)        000000
__Lspace_1                            (abs)        000000
__Lspace_2                            (abs)        000000
__Lspace_4                            (abs)        000000
__Lstack                              stack        000000
__Lstruct                             struct       000000
__Ltemp                               temp         000000
__Ltext                               text         000000
__Ltext0                              text0        000000
__Ltext1                              text1        000000
__Ltext10                             text10       000000
__Ltext11                             text11       000000
__Ltext12                             text12       000000
__Ltext13                             text13       000000
__Ltext14                             text14       000000
__Ltext15                             text15       000000
__Ltext16                             text16       000000
__Ltext17                             text17       000000
__Ltext18                             text18       000000
__Ltext19                             text19       000000
__Ltext2                              text2        000000
__Ltext20                             text20       000000
__Ltext21                             text21       000000
__Ltext22                             text22       000000
__Ltext23                             text23       000000
__Ltext24                             text24       000000
__Ltext25                             text25       000000
__Ltext26                             text26       000000
__Ltext27                             text27       000000
__Ltext28                             text28       000000
__Ltext29                             text29       000000
__Ltext3                              text3        000000
__Ltext30                             text30       000000
__Ltext31                             text31       000000
__Ltext4                              text4        000000
__Ltext5                              text5        000000
__Ltext6                              text6        000000
__Ltext7                              text7        000000
__Ltext8                              text8        000000
__Ltext9                              text9        000000
__S0                                  (abs)        010000
__S1                                  (abs)        0000E8
__S4                                  (abs)        000000
__S5                                  (abs)        000000
___heap_hi                            (abs)        000000
___heap_lo                            (abs)        000000
___inthi_sp                           stack        000000
___inthi_stack_hi                     stack        000000
___inthi_stack_lo                     stack        000000
___intlo_sp                           stack        000000
___intlo_stack_hi                     stack        000000
___intlo_stack_lo                     stack        000000
___param_bank                         (abs)        000000
___rparam_used                        (abs)        000001
___sp                                 stack        000000
___stack_hi                           stack        000000
___stack_lo                           stack        000000
__accesstop                           (abs)        000080
__activetblptr                        (abs)        000002
__end_of__initialization              cinit        00EEA4
__end_of_app_init                     text19       00EB00
__end_of_dc_motor_init                text28       00EBAE
__end_of_dc_motor_move_left           text18       00ED6C
__end_of_dc_motor_move_right          text17       00EDBA
__end_of_dc_motor_stop                text16       00ED1E
__end_of_ecual_init                   text20       00EB6A
__end_of_gpio_pin_direction_init      text31       00F9AA
__end_of_gpio_pin_input_init          text27       00EE0A
__end_of_gpio_pin_logic_read          text15       00F508
__end_of_gpio_pin_logic_write         text30       00FADE
__end_of_gpio_pin_output_low_init     text29       00EF0E
__end_of_keypad_init                  text26       00EF74
__end_of_keypad_read                  text14       00F786
__end_of_lcd_init                     text22       00F876
__end_of_lcd_send_char_data           text11       00F040
__end_of_lcd_send_char_data_pos       text9        00F0A8
__end_of_lcd_send_command             text23       00EFDA
__end_of_lcd_send_custom_char         text8        00F464
__end_of_lcd_send_enable              text25       00EB28
__end_of_lcd_send_nbits               text24       00ECD2
__end_of_lcd_send_string              text7        00F2BE
__end_of_lcd_send_string_pos          text6        00F338
__end_of_lcd_set_curser               text10       00F3CC
__end_of_led_init                     text21       00EE5A
__end_of_led_off                      text13       00EC3C
__end_of_led_on                       text12       00EC86
__end_of_main                         text0        00FEDA
__end_of_print_invalid                text5        00F5DA
__end_of_print_motor1_operation       text4        00F17A
__end_of_print_motor2_operation       text3        00F1E4
__end_of_print_select_bage            text2        00F24E
__end_of_print_welcome                text1        00F6AC
__initialization                      cinit        00EE5A
__mediumconst                         mediumconst  00FEDA
__pbssCOMRAM                          bssCOMRAM    000070
__pcinit                              cinit        00EE5A
__pcstackCOMRAM                       cstackCOMRAM 000045
__pdataBANK0                          dataBANK0    000080
__pdataCOMRAM                         dataCOMRAM   000001
__pidataBANK0                         idataBANK0   00F0A8
__pidataCOMRAM                        idataCOMRAM  00EBAE
__pmediumconst                        mediumconst  00FEDA
__pnvCOMRAM                           nvCOMRAM     000075
__ptext0                              text0        00FADE
__ptext1                              text1        00F5DA
__ptext10                             text10       00F338
__ptext11                             text11       00EFDA
__ptext12                             text12       00EC3C
__ptext13                             text13       00EBF2
__ptext14                             text14       00F6AC
__ptext15                             text15       00F464
__ptext16                             text16       00ECD2
__ptext17                             text17       00ED6C
__ptext18                             text18       00ED1E
__ptext19                             text19       00EAFA
__ptext2                              text2        00F1E4
__ptext20                             text20       00EB28
__ptext21                             text21       00EE0A
__ptext22                             text22       00F786
__ptext23                             text23       00EF74
__ptext24                             text24       00EC86
__ptext25                             text25       00EB00
__ptext26                             text26       00EF0E
__ptext27                             text27       00EDBA
__ptext28                             text28       00EB6A
__ptext29                             text29       00EEAE
__ptext3                              text3        00F17A
__ptext30                             text30       00F9AA
__ptext31                             text31       00F876
__ptext4                              text4        00F110
__ptext5                              text5        00F508
__ptext6                              text6        00F2BE
__ptext7                              text7        00F24E
__ptext8                              text8        00F3CC
__ptext9                              text9        00F040
__ramtop                              ramtop       001000
__smallconst                          smallconst   000000
_app_init                             text19       00EAFA
_customChar1                          dataCOMRAM   000021
_customChar10                         dataBANK0    0000A0
_customChar11                         dataBANK0    000098
_customChar12                         dataBANK0    000090
_customChar2                          dataBANK0    0000E0
_customChar3                          dataBANK0    0000D8
_customChar4                          dataBANK0    0000D0
_customChar5                          dataBANK0    0000C8
_customChar6                          dataBANK0    0000C0
_customChar7                          dataBANK0    0000B8
_customChar8                          dataBANK0    0000B0
_customChar9                          dataBANK0    0000A8
_dc_motor_init                        text28       00EB6A
_dc_motor_move_left                   text18       00ED1E
_dc_motor_move_right                  text17       00ED6C
_dc_motor_stop                        text16       00ECD2
_ecual_init                           text20       00EB28
_gpio_pin_direction_init              text31       00F876
_gpio_pin_input_init                  text27       00EDBA
_gpio_pin_logic_read                  text15       00F464
_gpio_pin_logic_write                 text30       00F9AA
_gpio_pin_output_low_init             text29       00EEAE
_in0                                  bssCOMRAM    000074
_in1                                  bssCOMRAM    000073
_in2                                  bssCOMRAM    000072
_in3                                  bssCOMRAM    000070
_keypad                               dataCOMRAM   000029
_keypad_btns                          dataBANK0    000080
_keypad_init                          text26       00EF0E
_keypad_read                          text14       00F6AC
_latx                                 dataCOMRAM   00000B
_lcd                                  dataCOMRAM   000031
_lcd_init                             text22       00F786
_lcd_send_char_data                   text11       00EFDA
_lcd_send_char_data_pos               text9        00F040
_lcd_send_command                     text23       00EF74
_lcd_send_custom_char                 text8        00F3CC
_lcd_send_enable                      text25       00EB00
_lcd_send_nbits                       text24       00EC86
_lcd_send_string                      text7        00F24E
_lcd_send_string_pos                  text6        00F2BE
_lcd_set_curser                       text10       00F338
_led_init                             text21       00EE0A
_led_off                              text13       00EBF2
_led_on                               text12       00EC3C
_main                                 text0        00FADE
_motor1                               dataCOMRAM   00003A
_motor1_led1                          dataCOMRAM   000043
_motor1_led2                          dataCOMRAM   000041
_motor2                               dataCOMRAM   000037
_motor2_led1                          dataCOMRAM   00003F
_motor2_led2                          dataCOMRAM   00003D
_n                                    dataCOMRAM   000020
_portx                                dataCOMRAM   000001
_print_invalid                        text5        00F508
_print_motor1_operation               text4        00F110
_print_motor2_operation               text3        00F17A
_print_select_bage                    text2        00F1E4
_print_welcome                        text1        00F5DA
_ret                                  nvCOMRAM     000075
_t                                    dataCOMRAM   00001F
_trisx                                dataCOMRAM   000015
dc_motor_init@dc_motor                cstackCOMRAM 000051
dc_motor_init@gpio_ret                cstackCOMRAM 000052
dc_motor_init@ret                     cstackCOMRAM 000053
dc_motor_move_left@dc_motor           cstackCOMRAM 00004D
dc_motor_move_left@gpio_ret           cstackCOMRAM 00004E
dc_motor_move_left@ret                cstackCOMRAM 00004F
dc_motor_move_right@dc_motor          cstackCOMRAM 00004D
dc_motor_move_right@gpio_ret          cstackCOMRAM 00004E
dc_motor_move_right@ret               cstackCOMRAM 00004F
dc_motor_stop@dc_motor                cstackCOMRAM 00004D
dc_motor_stop@gpio_ret                cstackCOMRAM 00004E
dc_motor_stop@ret                     cstackCOMRAM 00004F
end_of_initialization                 cinit        00EEA4
gpio_pin_direction_init@pin           cstackCOMRAM 000045
gpio_pin_direction_init@pin_direction cstackCOMRAM 000046
gpio_pin_direction_init@ret           cstackCOMRAM 00004C
gpio_pin_input_init@gpio_ret          cstackCOMRAM 00004F
gpio_pin_input_init@pin               cstackCOMRAM 00004D
gpio_pin_input_init@ret               cstackCOMRAM 000050
gpio_pin_logic_read@pin               cstackCOMRAM 000045
gpio_pin_logic_read@pin_logic_read    cstackCOMRAM 000046
gpio_pin_logic_read@ret               cstackCOMRAM 00004B
gpio_pin_logic_write@pin              cstackCOMRAM 000045
gpio_pin_logic_write@pin_logic        cstackCOMRAM 000046
gpio_pin_logic_write@ret              cstackCOMRAM 00004C
gpio_pin_output_low_init@gpio_ret     cstackCOMRAM 00004F
gpio_pin_output_low_init@pin          cstackCOMRAM 00004D
gpio_pin_output_low_init@ret          cstackCOMRAM 000050
intlevel0                             text         000000
intlevel1                             text         000000
intlevel2                             text         000000
intlevel3                             text         000000
isa$std                               (abs)        000001
isa$xinst                             (abs)        000000
keypad_init@column                    cstackCOMRAM 000055
keypad_init@gpio_ret                  cstackCOMRAM 000052
keypad_init@keypad                    cstackCOMRAM 000051
keypad_init@ret                       cstackCOMRAM 000053
keypad_init@row                       cstackCOMRAM 000054
keypad_read@column                    cstackCOMRAM 000055
keypad_read@column_logic              cstackCOMRAM 000052
keypad_read@counter                   cstackCOMRAM 000053
keypad_read@gpio_ret                  cstackCOMRAM 000050
keypad_read@keypad                    cstackCOMRAM 00004D
keypad_read@num                       cstackCOMRAM 00004E
keypad_read@ret                       cstackCOMRAM 000051
keypad_read@row                       cstackCOMRAM 000054
lcd_init@gpio_ret                     cstackCOMRAM 00005A
lcd_init@lcd                          cstackCOMRAM 000058
lcd_init@lcd_ret                      cstackCOMRAM 00005D
lcd_init@pins_counter                 cstackCOMRAM 00005C
lcd_init@ret                          cstackCOMRAM 00005B
lcd_send_char_data@data               cstackCOMRAM 000054
lcd_send_char_data@gpio_ret           cstackCOMRAM 000055
lcd_send_char_data@lcd                cstackCOMRAM 000053
lcd_send_char_data@lcd_ret            cstackCOMRAM 000056
lcd_send_char_data@ret                cstackCOMRAM 000057
lcd_send_char_data_pos@column         cstackCOMRAM 000061
lcd_send_char_data_pos@data           cstackCOMRAM 000062
lcd_send_char_data_pos@gpio_ret       cstackCOMRAM 000063
lcd_send_char_data_pos@lcd            cstackCOMRAM 00005F
lcd_send_char_data_pos@lcd_ret        cstackCOMRAM 000064
lcd_send_char_data_pos@ret            cstackCOMRAM 000065
lcd_send_char_data_pos@row            cstackCOMRAM 000060
lcd_send_command@command              cstackCOMRAM 000054
lcd_send_command@gpio_ret             cstackCOMRAM 000055
lcd_send_command@lcd                  cstackCOMRAM 000053
lcd_send_command@lcd_ret              cstackCOMRAM 000056
lcd_send_command@ret                  cstackCOMRAM 000057
lcd_send_custom_char@_chr             cstackCOMRAM 000069
lcd_send_custom_char@column           cstackCOMRAM 000068
lcd_send_custom_char@counter          bssCOMRAM    000071
lcd_send_custom_char@gpio_ret         cstackCOMRAM 00006B
lcd_send_custom_char@lcd              cstackCOMRAM 000066
lcd_send_custom_char@lcd_ret          cstackCOMRAM 00006C
lcd_send_custom_char@mem_pos          cstackCOMRAM 00006A
lcd_send_custom_char@ret              cstackCOMRAM 00006D
lcd_send_custom_char@row              cstackCOMRAM 000067
lcd_send_enable@gpio_ret              cstackCOMRAM 00004E
lcd_send_enable@lcd                   cstackCOMRAM 00004D
lcd_send_nbits@data_or_command        cstackCOMRAM 00004E
lcd_send_nbits@lcd                    cstackCOMRAM 00004D
lcd_send_nbits@pin_counter            cstackCOMRAM 000052
lcd_send_nbits@ret                    cstackCOMRAM 000051
lcd_send_string@gpio_ret              cstackCOMRAM 00005B
lcd_send_string@lcd                   cstackCOMRAM 000058
lcd_send_string@lcd_ret               cstackCOMRAM 00005C
lcd_send_string@ret                   cstackCOMRAM 00005D
lcd_send_string@str                   cstackCOMRAM 000059
lcd_send_string_pos@column            cstackCOMRAM 000061
lcd_send_string_pos@gpio_ret          cstackCOMRAM 000064
lcd_send_string_pos@lcd               cstackCOMRAM 00005F
lcd_send_string_pos@lcd_ret           cstackCOMRAM 000065
lcd_send_string_pos@ret               cstackCOMRAM 000066
lcd_send_string_pos@row               cstackCOMRAM 000060
lcd_send_string_pos@str               cstackCOMRAM 000062
lcd_set_curser@column                 cstackCOMRAM 00005A
lcd_set_curser@gpio_ret               cstackCOMRAM 00005D
lcd_set_curser@lcd                    cstackCOMRAM 000058
lcd_set_curser@lcd_ret                cstackCOMRAM 00005E
lcd_set_curser@row                    cstackCOMRAM 000059
led_init@gpio_ret                     cstackCOMRAM 000052
led_init@led                          cstackCOMRAM 000051
led_init@ret                          cstackCOMRAM 000053
led_off@gpio_ret                      cstackCOMRAM 00004E
led_off@led                           cstackCOMRAM 00004D
led_on@gpio_ret                       cstackCOMRAM 00004E
led_on@led                            cstackCOMRAM 00004D
stackhi                               (abs)        000000
stacklo                               (abs)        000000
start                                 init         000000
start_initialization                  cinit        00EE5A


MODULE INFORMATION

Module		Function		Class		Link	Load	Size
ECUAL/LCD/lcd.c
		_lcd_send_command		CODE           	EF74	0000	102
		_lcd_send_nbits		CODE           	EC86	0000	76
		_lcd_send_custom_char		CODE           	F3CC	0000	152
		_lcd_send_char_data		CODE           	EFDA	0000	102
		_lcd_set_curser		CODE           	F338	0000	148
		_lcd_send_enable		CODE           	EB00	0000	40
		_lcd_send_string		CODE           	F24E	0000	112
		_lcd_send_string_pos		CODE           	F2BE	0000	122
		_lcd_send_char_data_pos		CODE           	F040	0000	104
		_lcd_init      		CODE           	F786	0000	240

ECUAL/LCD/lcd.c estimated size: 1198

MCAL/GPIO/gpio.c
		_gpio_pin_logic_write		CODE           	F9AA	0000	308
		_gpio_pin_input_init		CODE           	EDBA	0000	80
		_gpio_pin_logic_read		CODE           	F464	0000	164
		_gpio_pin_direction_init		CODE           	F876	0000	308
		_gpio_pin_output_low_init		CODE           	EEAE	0000	96

MCAL/GPIO/gpio.c estimated size: 956

shared
		__initialization		CODE           	EE5A	0000	74

shared estimated size: 74

ECUAL/LED/led.c
		_led_init      		CODE           	EE0A	0000	80
		_led_off       		CODE           	EBF2	0000	74
		_led_on        		CODE           	EC3C	0000	74

ECUAL/LED/led.c estimated size: 228

app.c
		_main          		CODE           	FADE	0000	1020
		_print_welcome 		CODE           	F5DA	0000	210
		_print_select_bage		CODE           	F1E4	0000	106
		_app_init      		CODE           	EAFA	0000	6
		_print_motor1_operation		CODE           	F110	0000	106
		_print_motor2_operation		CODE           	F17A	0000	106
		_print_invalid 		CODE           	F508	0000	210

app.c estimated size: 1764

init.c
		_ecual_init    		CODE           	EB28	0000	66

init.c estimated size: 66

ECUAL/KEYPAD/keypad.c
		_keypad_read   		CODE           	F6AC	0000	218
		_keypad_init   		CODE           	EF0E	0000	102

ECUAL/KEYPAD/keypad.c estimated size: 320

ECUAL/DC_MOTOR/dc_motor.c
		_dc_motor_init 		CODE           	EB6A	0000	68
		_dc_motor_stop 		CODE           	ECD2	0000	76
		_dc_motor_move_right		CODE           	ED6C	0000	78
		_dc_motor_move_left		CODE           	ED1E	0000	78

ECUAL/DC_MOTOR/dc_motor.c estimated size: 300

